// Jest Snapshot v1, https://goo.gl/fbAQLP

exports[`test app container 1`] = `ShallowWrapper {}`;
