// Jest Snapshot v1, https://goo.gl/fbAQLP

exports[`test card was render  1`] = `1`;
